// Jest Snapshot v1, https://goo.gl/fbAQLP

exports[`1.test CATEGORIES component render 1`] = `
<div
  className="container"
>
  <a
    className="xxx"
    href="/categories/popular"
    onClick={[Function]}
    value="popular"
  >
    Trending
  </a>
  <a
    className="xxx"
    href="/categories/top_rated"
    onClick={[Function]}
    value="top_rated"
  >
    Top Rated
  </a>
  <a
    className="xxx"
    href="/categories/upcoming"
    onClick={[Function]}
    value="upcoming"
  >
    Coming Soon
  </a>
  <select
    className="select"
    onChange={[Function]}
  >
    <option
      data-name="Action"
      value={28}
    >
      Action
    </option>
    <option
      data-name="Adventure"
      value={12}
    >
      Adventure
    </option>
    <option
      data-name="Animation"
      value={16}
    >
      Animation
    </option>
    <option
      data-name="Comedy"
      value={35}
    >
      Comedy
    </option>
    <option
      data-name="Crime"
      value={80}
    >
      Crime
    </option>
    <option
      data-name="Documentary"
      value={99}
    >
      Documentary
    </option>
    <option
      data-name="Drama"
      value={18}
    >
      Drama
    </option>
    <option
      data-name="Family"
      value={10751}
    >
      Family
    </option>
    <option
      data-name="Fantasy"
      value={14}
    >
      Fantasy
    </option>
    <option
      data-name="History"
      value={36}
    >
      History
    </option>
    <option
      data-name="Horror"
      value={27}
    >
      Horror
    </option>
    <option
      data-name="Music"
      value={10402}
    >
      Music
    </option>
    <option
      data-name="Mystery"
      value={9648}
    >
      Mystery
    </option>
    <option
      data-name="Romance"
      value={10749}
    >
      Romance
    </option>
    <option
      data-name="Science Fiction"
      value={878}
    >
      Science Fiction
    </option>
    <option
      data-name="TV Movie"
      value={10770}
    >
      TV Movie
    </option>
    <option
      data-name="Thriller"
      value={53}
    >
      Thriller
    </option>
    <option
      data-name="War"
      value={10752}
    >
      War
    </option>
    <option
      data-name="Western"
      value={37}
    >
      Western
    </option>
  </select>
</div>
`;
