// Jest Snapshot v1, https://goo.gl/fbAQLP

exports[`1.test HEADER component render 1`] = `
<div
  className="container"
>
  <h1
    className="title"
  >
    FILMS
  </h1>
  <form
    onSubmit={[Function]}
  >
    <input
      className="input"
      onChange={[Function]}
      placeholder="search"
      type="text"
      value=""
    />
  </form>
</div>
`;
