// Jest Snapshot v1, https://goo.gl/fbAQLP

exports[`test DESCRIPTION component 1`] = `
<div
  className="container"
>
  <div
    className="container"
  >
    <h1
      className="h1"
    >
      VENOM
    </h1>
    <ul
      className="list"
    >
      <li
        className="item"
      >
        Action
      </li>
      <li
        className="item"
      >
        Crime
      </li>
      <li
        className="item"
      >
        Horror
      </li>
      <li
        className="item"
      >
        Science Fiction
      </li>
    </ul>
    <div
      className="container"
    >
      <div
        className="whiteStars"
      />
      <div
        className="fillStars"
        style={
          Object {
            "width": "132px",
          }
        }
      />
      <div
        className="container"
      >
        6.6
      </div>
    </div>
  </div>
  <div
    className="buttonsBlock"
  >
    <button
      className="container"
      onClick={[Function]}
      type="button"
    >
      Watch Now
    </button>
    <button
      className="container"
      onClick={[Function]}
      type="button"
    >
      View Info
    </button>
  </div>
</div>
`;
