// Jest Snapshot v1, https://goo.gl/fbAQLP

exports[`test component 1`] = `
<div
  className="container"
>
  <div
    className="div"
  >
    <div
      className="container"
    >
      <h1
        className="h1"
      >
        TITLE
      </h1>
      <ul
        className="list"
      >
        <li
          className="item"
        >
          Adventure
        </li>
        <li
          className="item"
        >
          Animation
        </li>
        <li
          className="item"
        >
          Drama
        </li>
      </ul>
      <div
        className="container"
      >
        <div
          className="whiteStars"
        />
        <div
          className="fillStars"
          style={
            Object {
              "width": "90px",
            }
          }
        />
        <div
          className="container"
        >
          4.5
        </div>
      </div>
    </div>
    <div
      className="container"
    >
      <div
        className="buttonsBlock"
      >
        <button
          className="container"
          onClick={null}
          type="button"
        >
          Watch Now
        </button>
        <div
          className="x"
        >
          <button
            className="container"
            onClick={[Function]}
            type="button"
          >
            View Info
          </button>
        </div>
      </div>
    </div>
  </div>
</div>
`;
