// Jest Snapshot v1, https://goo.gl/fbAQLP

exports[`test component render 1`] = `
Array [
  <div
    className="container"
  >
    <h1
      className="title"
    >
      FILMS
    </h1>
    <div>
      <input
        className="input"
        placeholder="search"
        type="text"
      />
    </div>
  </div>,
  <img
    alt="pic"
    className="poster"
    src="http://image.tmdb.org/t/p/w500//eIOTsGg9FCVrBc4r2nXaV61JF4F.jpg"
  />,
  <div
    className="container"
  >
    <div
      className="div"
    >
      <div
        className="container"
      >
        <h1
          className="h1"
        >
          THE JUNGLE BOOK
        </h1>
        <ul
          className="list"
        >
          <li
            className="item"
          >
            Adventure
          </li>
          <li
            className="item"
          >
            Animation
          </li>
          <li
            className="item"
          >
            Drama
          </li>
          <li
            className="item"
          >
            Family
          </li>
          <li
            className="item"
          >
            Fantasy
          </li>
        </ul>
        <div
          className="container"
        >
          <div
            className="whiteStars"
          />
          <div
            className="fillStars"
            style={
              Object {
                "width": "136px",
              }
            }
          />
          <div
            className="container"
          >
            6.8
          </div>
        </div>
      </div>
      <div
        className="container"
      >
        <div
          className="buttonsBlock"
        >
          <button
            className="container"
            onClick={null}
            type="button"
          >
            Watch Now
          </button>
          <div
            className="x"
          >
            <button
              className="container"
              onClick={[Function]}
              type="button"
            >
              View Info
            </button>
          </div>
        </div>
      </div>
    </div>
  </div>,
  <div
    className="container"
  >
    <div
      className="inner"
    >
      <div
        className="container"
      >
        <div
          className="item"
        >
          Trending
        </div>
        <div
          className="item"
        >
          Top Rated
        </div>
        <div
          className="item"
        >
          Coming Soon
        </div>
        <div
          className="item"
        >
          <select
            className="select"
          >
            <option
              value={null}
            >
              Genre
            </option>
            <option
              value="Action"
            >
              Action
            </option>
            <option
              value="Adventure"
            >
              Adventure
            </option>
            <option
              value="Animation"
            >
              Animation
            </option>
            <option
              value="Comedy"
            >
              Comedy
            </option>
            <option
              value="Crime"
            >
              Crime
            </option>
            <option
              value="Documentary"
            >
              Documentary
            </option>
            <option
              value="Drama"
            >
              Drama
            </option>
            <option
              value="Family"
            >
              Family
            </option>
            <option
              value="Fantasy"
            >
              Fantasy
            </option>
            <option
              value="History"
            >
              History
            </option>
            <option
              value="Horror"
            >
              Horror
            </option>
            <option
              value="Music"
            >
              Music
            </option>
            <option
              value="Mystery"
            >
              Mystery
            </option>
            <option
              value="Romance"
            >
              Romance
            </option>
            <option
              value="Science Fiction"
            >
              Science Fiction
            </option>
            <option
              value="TV Movie"
            >
              TV Movie
            </option>
            <option
              value="Thriller"
            >
              Thriller
            </option>
            <option
              value="War"
            >
              War
            </option>
            <option
              value="Western"
            >
              Western
            </option>
          </select>
        </div>
      </div>
      <div
        className="displayStyle"
      >
        <div
          className="tableStyle"
        />
        <div
          className="rowsStyle"
        />
      </div>
    </div>
    <div>
      table
    </div>
  </div>,
]
`;
